[hoiwa.fi/index.html]
[backblue.gif]
[fade.gif]
[index.html]
[c0.wp.com/c/5.7.1/wp-includes/css/dist/block-library/style.min.css]
[hoiwa.fi/comments/feed/index.html]
[hoiwa.fi/feed/index.html]
[c0.wp.com/c/5.7.1/wp-includes/css/dashicons.min.css]
[c0.wp.com/p/jetpack/9.5/css/jetpack.css]
[c0.wp.com/c/5.7.1/wp-includes/js/jquery/jquery.min.js]
[c0.wp.com/c/5.7.1/wp-includes/js/jquery/jquery-migrate.min.js]
[hoiwa.fi/wp-content/plugins/feed-them-social/admin/js/adminf0c3.js]
[hoiwa.fi/wp-content/plugins/google-analytics-for-wordpress/assets/js/frontend-gtag.min3db5.js]
[hoiwa.fi/wp-content/plugins/cookie-law-info/public/js/cookie-law-info-public7406.js]
[hoiwa.fi/wp-content/plugins/feed-them-social/feeds/js/powered-byf0c3.js]
[hoiwa.fi/wp-content/plugins/feed-them-social/feeds/js/fts-globalf0c3.js]
[hoiwa.fi/wp-json/wp/v2/pages/25.json]
[hoiwa.fi/wp-json/index.html]
[hoiwa.fi/xmlrpc0db0.php]
[hoiwa.fi/wp-includes/wlwmanifest.xml]
[hoiwa.fi/wp-json/oembed/1.0/embedd995.json]
[hoiwa.fi/wp-json/oembed/1.0/embedc7e6]
[connect.facebook.net/en_US/fbevents.js]
[hoiwa.fi/wp-content/themes/Divi/core/admin/fonts/modules.ttf]
[hoiwa.fi/wp-content/uploads/2020/09/cropped-siteicon-2-32x32.png]
[hoiwa.fi/wp-content/uploads/2020/09/cropped-siteicon-2-192x192.png]
[hoiwa.fi/wp-content/uploads/2020/09/cropped-siteicon-2-180x180.png]
[hoiwa.fi/wp-content/uploads/2020/10/hoiwa-logo-medium-fixedheart.png]
[hoiwa.fi/wp-content/uploads/2020/09/charity-1.png]
[hoiwa.fi/hoiwan-tarina/index.html]
[hoiwa.fi/tietoa-meista-hoiwa-oy/index.html]
[hoiwa.fi/wp-content/uploads/2020/09/donation.png]
[hoiwa.fi/ajankohtaista/index.html]
[hoiwa.fi/kotisairaanhoito/index.html]
[hoiwa.fi/kielipalvelut/index.html]
[hoiwa.fi/wp-content/uploads/2020/09/charity-2.png]
[hoiwa.fi/rekrytointipalvelu/index.html]
[hoiwa.fi/tyonhakijalle-tyopaikat/index.html]
[hoiwa.fi/yhteystiedot/index.html]
[hoiwa.fi/henkilostovuokraus/index.html]
[hoiwa.fi/wp-content/uploads/2020/10/hoiwa-logo-medium-fixedheart-300x65.png]
[hoiwa.fi/wp-content/uploads/2020/11/LK_valkoinen_rgb-300x141.jpg]
[hoiwa.fi/wp-content/uploads/2021/01/kauppakamari_sininen-500x500-1-300x74.png]
[hoiwa.fi/wp-content/uploads/2020/09/HPL_jasenyritys_vihrea_rgb-150x150.png]
[hoiwa.fi/wp-content/uploads/2020/09/imgpsh_fullsize_anim-150x101.jpg]
[hoiwa.fi/wp-content/uploads/2021/01/HELSINKI_Tunnus_VALKOINEN-512-300x139.png]
[hoiwa.fi/wp-content/uploads/2021/01/metropolia_s_oranssi_en_white-512-300x77.png]
[hoiwa.fi/wp-content/themes/Divi/includes/builder/frontend-builder/build/frontend-builder-global-functions20fd.js]
[c0.wp.com/c/5.7.1/wp-includes/js/dist/vendor/wp-polyfill.min.js]
[hoiwa.fi/privacy-policy/index.html]
[hoiwa.fi/wp-includes/js/dist/vendor/wp-polyfill-fetch.min6e0e.js]
[hoiwa.fi/wp-includes/js/dist/vendor/wp-polyfill-node-contains.min2e00.js]
[hoiwa.fi/wp-includes/js/dist/vendor/wp-polyfill-dom-rect.min2e00.js]
[hoiwa.fi/wp-includes/js/dist/vendor/wp-polyfill-url.min5aed.js]
[hoiwa.fi/wp-includes/js/dist/vendor/wp-polyfill-formdata.mine9bd.js]
[hoiwa.fi/wp-includes/js/dist/vendor/wp-polyfill-element-closest.min4c56.js]
[hoiwa.fi/wp-includes/js/dist/vendor/wp-polyfill-object-fit.min531b.js]
[c0.wp.com/c/5.7.1/wp-includes/js/dist/hooks.min.js]
[c0.wp.com/c/5.7.1/wp-includes/js/dist/i18n.min.js]
[c0.wp.com/c/5.7.1/wp-includes/js/dist/vendor/lodash.min.js]
[c0.wp.com/c/5.7.1/wp-includes/js/dist/url.min.js]
[c0.wp.com/c/5.7.1/wp-includes/js/dist/api-fetch.min.js]
[hoiwa.fi/wp-content/plugins/contact-form-7/includes/js/index91d5.js]
[hoiwa.fi/wp-content/themes/Divi/includes/builder/scripts/ext/jquery.mobile.custom.min20fd.js]
[hoiwa.fi/wp-content/themes/Divi/js/custom20fd.js]
[hoiwa.fi/wp-content/plugins/jetpack/vendor/automattic/jetpack-lazy-images/src/js/intersectionobserver-polyfill.mincfa9.js]
[hoiwa.fi/wp-content/plugins/jetpack/vendor/automattic/jetpack-lazy-images/src/js/lazy-images.mincfa9.js]
[hoiwa.fi/wp-content/themes/Divi/includes/builder/scripts/ext/jquery.fitvids20fd.js]
[hoiwa.fi/wp-content/themes/Divi/includes/builder/scripts/ext/waypoints.min20fd.js]
[hoiwa.fi/wp-content/themes/Divi/includes/builder/scripts/ext/jquery.magnific-popup20fd.js]
[hoiwa.fi/wp-content/themes/Divi/includes/builder/frontend-builder/build/frontend-builder-scripts20fd.js]
[hoiwa.fi/wp-content/themes/Divi/core/admin/js/common20fd.js]
[www.google.com/recaptcha/api0a6e.js]
[hoiwa.fi/wp-content/plugins/contact-form-7/modules/recaptcha/index91d5.js]
[c0.wp.com/c/5.7.1/wp-includes/js/wp-embed.min.js]
[hoiwa.fi/index.html]
[hoiwa.fi/xmlrpc.php]
[c0.wp.com/c/5.7.1/wp-includes/css/dist/block-library/style.min.css]
[hoiwa.fi/wp-content/plugins/contact-form-7/includes/css/styles91d5.css]
[hoiwa.fi/wp-content/plugins/cookie-law-info/public/css/cookie-law-info-public7406.css]
[hoiwa.fi/wp-content/plugins/cookie-law-info/public/css/cookie-law-info-gdpr7406.css]
[stats.wp.com/e-202116.js]
[hoiwa.fi/wp-content/plugins/feed-them-social/feeds/css/font/fontawesome-webfontf77b.eot]
[hoiwa.fi/wp-content/plugins/feed-them-social/feeds/css/font/fontawesome-webfontd41d.eot]
[hoiwa.fi/wp-content/plugins/feed-them-social/feeds/css/font/fontawesome-webfontf77b.woff]
[hoiwa.fi/wp-content/plugins/feed-them-social/feeds/css/font/fontawesome-webfontf77b.ttf]
[hoiwa.fi/wp-content/plugins/feed-them-social/feeds/images/video-play-btn.png]
[hoiwa.fi/wp-content/plugins/feed-them-social/feeds/images/hearts-instagram.jpg]
[hoiwa.fi/wp-content/plugins/feed-them-social/feeds/images/comments-instagram.jpg]
[hoiwa.fi/wp-content/plugins/feed-them-social/feeds/images/pinterest-icons.png]
[hoiwa.fi/wp-content/plugins/feed-them-social/feeds/css/stylesf0c3.css]
[hoiwa.fi/wp-content/themes/hoiwa-wp-1.0.1/style20fd.css]
[hoiwa.fi/wp-content/themes/Divi/epanel/shortcodes/css/shortcodes_responsive20fd.css]
[hoiwa.fi/wp-content/themes/Divi/includes/builder/styles/magnific_popup20fd.css]
[c0.wp.com/c/5.7.1/wp-includes/css/dashicons.min.css]
[c0.wp.com/p/jetpack/9.5/modules/carousel/images/arrows.png]
[c0.wp.com/p/jetpack/9.5/modules/carousel/images/arrows-2x.png]
[c0.wp.com/p/jetpack/9.5/modules/carousel/images/carousel-spritee4da.png]
[c0.wp.com/p/jetpack/9.5/modules/carousel/images/carousel-sprite-2xe4da.png]
[c0.wp.com/p/jetpack/9.5/modules/shortcodes/img/slideshow-controls.png]
[c0.wp.com/p/jetpack/9.5/modules/shortcodes/img/slideshow-controls-2x.png]
[c0.wp.com/p/jetpack/9.5/modules/shortcodes/images/slide-nav.png]
[c0.wp.com/p/jetpack/9.5/modules/shortcodes/images/expand.png]
[c0.wp.com/p/jetpack/9.5/modules/shortcodes/images/collapse.png]
[secure.gravatar.com/images/grav-share-sprite.png]
[c0.wp.com/p/jetpack/9.5/css/jetpack.css]
[www.googletagmanager.com/gtm5445.html]
[connect.facebook.net/en_US/fbevents.js]
[hoiwa.fi/wp-content/uploads/2020/09/aditya-romansa-5zp0jym2w9M-unsplash.jpg]
[hoiwa.fi/wp-content/et-cache/25/et-core-unified-25-16187720682679.min.css]
[hoiwa.fi/wp-json/wp/v2/pages/728.json]
[hoiwa.fi/wp-json/oembed/1.0/embedfdf7.json]
[hoiwa.fi/wp-json/oembed/1.0/embed6b75]
[hoiwa.fi/wp-content/uploads/2021/04/Fadumo-kuva-Liivia-Pallas_WEB-cropped.jpg]
[hoiwa.fi/wp-content/uploads/2021/04/Fatima-kuva-Liivia-Pallas_-WEB-cropped.jpg]
[hoiwa.fi/wp-content/uploads/2021/04/Mariam-Hoiwa-kuva-Liivia-Pallas_-WEB-cropped.jpg]
[hoiwa.fi/wp-content/uploads/2021/04/Jasmin-kuva-Liivia-Pallas_-WEB-cropped.jpg]
[hoiwa.fi/wp-content/uploads/2021/04/Ahmed-kuva-Liivia-Pallas_-WEB-cropped.jpg]
[hoiwa.fi/wp-content/uploads/2021/04/Henri_WEB-cropped.jpg]
[hoiwa.fi/wp-content/uploads/2020/11/Lotta-web.jpg]
[hoiwa.fi/wp-content/uploads/2020/11/Heidi-web.jpg]
[hoiwa.fi/wp-content/uploads/2020/11/Sari-web.jpg]
[hoiwa.fi/wp-content/uploads/2020/11/John-web.jpg]
[hoiwa.fi/tietoa-meista-hoiwa-oy/index.html]
[hoiwa.fi/wp-json/wp/v2/pages/1279.json]
[hoiwa.fi/wp-json/oembed/1.0/embedeb2f.json]
[hoiwa.fi/wp-json/oembed/1.0/embedd7ae]
[hoiwa.fi/wp-content/uploads/2021/03/1615791139402_Fadumo-Ali-1_6-kuva-Liivia-Pallas_-web.jpg]
[hoiwa.fi/hoiwan-tarina/index.html]
[hoiwa.fi/wp-json/wp/v2/pages/1327.json]
[hoiwa.fi/wp-json/oembed/1.0/embed3f61.json]
[hoiwa.fi/wp-json/oembed/1.0/embedd5a6]
[scontent-lax3-1.xx.fbcdn.net/v/t1.6435-9/p720x720/175205514_468628668105929_6333096156247892163_n0f6a.jpg]
[scontent-lax3-1.xx.fbcdn.net/v/t1.6435-9/p720x720/175961497_469035968065199_3482446078557269407_n3134.jpg]
[scontent-lax3-1.xx.fbcdn.net/v/t1.6435-9/p720x720/175837196_469034391398690_2882732380873482298_n24ec.jpg]
[scontent-lax3-2.xx.fbcdn.net/v/t1.6435-9/p720x720/175537488_468554911446638_6773032712455045994_n0a61.jpg]
[scontent-lax3-1.xx.fbcdn.net/v/t1.6435-9/p720x720/175159815_468511308117665_2674176143480327295_n3724.jpg]
[scontent-lax3-1.xx.fbcdn.net/v/t1.6435-9/p720x720/173951852_465772911724838_6555783963790269645_na1bd.jpg]
[connect.facebook.net/fi_FI/sdk.js]
[hoiwa.fi/ajankohtaista/index.html]
[hoiwa.fi/wp-json/wp/v2/pages/228.json]
[hoiwa.fi/wp-json/oembed/1.0/embedd285.json]
[hoiwa.fi/wp-json/oembed/1.0/embed481f]
[hoiwa.fi/henkilostovuokraus/index.html]
[hoiwa.fi/wp-json/wp/v2/pages/247.json]
[hoiwa.fi/wp-json/oembed/1.0/embede572.json]
[hoiwa.fi/wp-json/oembed/1.0/embed7c28]
[hoiwa.fi/kotisairaanhoito/index.html]
[hoiwa.fi/wp-json/wp/v2/pages/251.json]
[hoiwa.fi/wp-json/oembed/1.0/embed2e5f.json]
[hoiwa.fi/wp-json/oembed/1.0/embed6740]
[hoiwa.fi/kielipalvelut/index.html]
[hoiwa.fi/wp-json/wp/v2/pages/123.json]
[hoiwa.fi/wp-json/oembed/1.0/embedb9ec.json]
[hoiwa.fi/wp-json/oembed/1.0/embed13aa]
[hoiwa.fi/wp-content/uploads/2020/09/javier-matheu-9dwZY2kcKdA-unsplash.jpg]
[hoiwa.fi/wp-content/uploads/2020/09/creators-collective-QnodurYxJcQ-unsplash-e1614941859381.jpg]
[hoiwa.fi/wp-content/uploads/2021/03/Hoiwa-3-kuva-Liivia-Pallas_-web.jpg]
[hoiwa.fi/wp-content/uploads/2020/09/nurse.png]
[hoiwa.fi/rekrytointipalvelu/index.html]
[hoiwa.fi/wp-json/wp/v2/pages/175.json]
[hoiwa.fi/wp-json/oembed/1.0/embedef64.json]
[hoiwa.fi/wp-json/oembed/1.0/embed06d9]
[hoiwa.fi/tyonhakijalle-tyopaikat/index.html]
[hoiwa.fi/wp-json/wp/v2/pages/262.json]
[hoiwa.fi/wp-json/oembed/1.0/embedbb7f.json]
[hoiwa.fi/wp-json/oembed/1.0/embed3b47]
[hoiwa.fi/yhteystiedot/index.html]
[hoiwa.fi/privacy-policy/feed/index.html]
[hoiwa.fi/wp-json/wp/v2/pages/3.json]
[hoiwa.fi/wp-json/oembed/1.0/embeda6ab.json]
[hoiwa.fi/wp-json/oembed/1.0/embed6ddb]
[hoiwa.fi/privacy-policy/index.html]
[hoiwa.fi/wp-content/plugins/feed-them-social/feeds/css/font/fontawesome-webfont.svg]
[hoiwa.fi/wp-content/plugins/feed-them-social/feeds/images/fb-play-btn.html]
[hoiwa.fi/wp-content/themes/Divi/core/admin/fonts/modules.eot]
[hoiwa.fi/wp-content/themes/Divi/core/admin/fonts/modulesd41d.eot]
[hoiwa.fi/wp-content/themes/Divi/core/admin/fonts/modules.woff]
[hoiwa.fi/wp-content/themes/Divi/includes/builder/styles/images/subscribe-loader.gif]
[hoiwa.fi/wp-content/themes/Divi/includes/builder/styles/images/preloader.gif]
[hoiwa.fi/wp-content/themes/Divi/epanel/shortcodes/images/shortcodes-sprite.png]
[hoiwa.fi/wp-content/themes/Divi/style.css]
[hoiwa.fi/c.html]
[hoiwa.fi/b.html]
[hoiwa.fi/POST.html]
[hoiwa.fi/index9848.html]
[hoiwa.fi/wp-content/uploads/2020/09/mufid-majnun-oI20ehIGNd4-unsplash.jpg]
[hoiwa.fi/wp-content/et-cache/728/et-core-unified-728-16187722765752.min.css]
[hoiwa.fi/index2d4b.html]
[hoiwa.fi/wp-content/uploads/2020/09/rusty-watson-yIGinlYA6t8-unsplash.jpg]
[hoiwa.fi/wp-content/et-cache/1279/et-core-unified-1279-16187773712337.min.css]
[hoiwa.fi/index164e.html]
[hoiwa.fi/wp-content/uploads/2021/03/Hoiwa-4-kuva-Liivia-Pallas_-web.jpg]
[hoiwa.fi/wp-content/et-cache/1327/et-core-unified-1327-16188171738087.min.css]
[hoiwa.fi/tyonhakijalle-tyopaikat/ja.html]
[connect.facebook.net/fi_FI/sdk.js]
[hoiwa.fi/index6eea.html]
[hoiwa.fi/wp-content/uploads/2020/09/national-cancer-institute-701-FJcjLAQ-unsplash.jpg]
[hoiwa.fi/wp-content/et-cache/228/et-core-unified-228-16187732913096.min.css]
[hoiwa.fi/tyonhakijalle/index.html]
[hoiwa.fi/index8cf0.html]
[hoiwa.fi/wp-content/uploads/2020/09/georg-arthur-pflueger-eO_JhqabBY0-unsplash.jpg]
[hoiwa.fi/wp-content/et-cache/247/et-core-unified-247-16188072113539.min.css]
[hoiwa.fi/indexd6e1.html]
[hoiwa.fi/wp-content/uploads/2020/09/mimi-thian-jxUuXxUFfp4-unsplash.jpg]
[hoiwa.fi/wp-content/et-cache/251/et-core-unified-251-1618814015426.min.css]
[hoiwa.fi/indexb8c4.html]
[hoiwa.fi/wp-content/uploads/2020/09/javier-matheu-AHDeiqdiC7Q-unsplash.jpg]
[hoiwa.fi/wp-content/et-cache/123/et-core-unified-123-16188071779594.min.css]
[hoiwa.fi/indexa09e.html]
[hoiwa.fi/wp-content/et-cache/175/et-core-unified-175-16187722012362.min.css]
[hoiwa.fi/index7d69.html]
[hoiwa.fi/wp-content/uploads/2020/09/samuel-scalzo-iqGtaQnk3VM-unsplash.jpg]
[hoiwa.fi/wp-content/et-cache/262/et-core-unified-262-1618778937001.min.css]
[hoiwa.fi/index2207.html]
[hoiwa.fi/wp-content/et-cache/3/et-core-unified-3-16188482625008.min.css]
[hoiwa.fi/wp-content/themes/Divi/core/admin/fonts/modules.svg]
